chart should match snapshot:
  1: |
    apiVersion: apps/v1
    kind: Deployment
    metadata:
      annotations:
        kubectl.kubernetes.io/default-container: app
      labels:
        app.kubernetes.io/instance: mychart
        app.kubernetes.io/managed-by: Helm
        app.kubernetes.io/name: play
        app.kubernetes.io/version: na
        helm.sh/chart: mychart-0.0.1
      name: mychart-play-backend
    spec:
      replicas: 1
      selector:
        matchLabels:
          app.kubernetes.io/component: backend
          app.kubernetes.io/instance: mychart
          app.kubernetes.io/name: play
      template:
        metadata:
          labels:
            app.kubernetes.io/component: backend
            app.kubernetes.io/instance: mychart
            app.kubernetes.io/name: play
        spec:
          containers:
            - image: stefanprodan/podinfo:latest
              imagePullPolicy: IfNotPresent
              name: app
              ports:
                - containerPort: 8080
  2: |
    apiVersion: apps/v1
    kind: Deployment
    metadata:
      annotations:
        kubectl.kubernetes.io/default-container: app
      labels:
        app.kubernetes.io/instance: mychart
        app.kubernetes.io/managed-by: Helm
        app.kubernetes.io/name: play
        app.kubernetes.io/version: na
        helm.sh/chart: mychart-0.0.1
      name: mychart-play-frontend
    spec:
      replicas: 1
      selector:
        matchLabels:
          app.kubernetes.io/component: frontend
          app.kubernetes.io/instance: mychart
          app.kubernetes.io/name: play
      template:
        metadata:
          labels:
            app.kubernetes.io/component: frontend
            app.kubernetes.io/instance: mychart
            app.kubernetes.io/name: play
        spec:
          containers:
            - image: docker.io/frontend:latest
              imagePullPolicy: IfNotPresent
              name: app
              ports:
                - containerPort: 8080
  3: |
    apiVersion: v1
    kind: Service
    metadata:
      labels:
        app.kubernetes.io/component: backend
        app.kubernetes.io/instance: mychart
        app.kubernetes.io/managed-by: Helm
        app.kubernetes.io/name: play
        app.kubernetes.io/version: na
        helm.sh/chart: mychart-0.0.1
      name: mychart-play-backend
    spec:
      ports:
        - port: 8080
          targetPort: 8080
      selector:
        app.kubernetes.io/component: backend
        app.kubernetes.io/instance: mychart
        app.kubernetes.io/name: play
      type: ClusterIP
  4: |
    apiVersion: v1
    kind: Service
    metadata:
      labels:
        app.kubernetes.io/component: frontend
        app.kubernetes.io/instance: mychart
        app.kubernetes.io/managed-by: Helm
        app.kubernetes.io/name: play
        app.kubernetes.io/version: na
        helm.sh/chart: mychart-0.0.1
      name: mychart-play-frontend
    spec:
      selector:
        app.kubernetes.io/component: frontend
        app.kubernetes.io/instance: mychart
        app.kubernetes.io/name: play
      type: ClusterIP
  5: |
    apiVersion: networking.k8s.io/v1
    kind: Ingress
    metadata:
      labels:
        app.kubernetes.io/instance: mychart
        app.kubernetes.io/managed-by: Helm
        app.kubernetes.io/name: play
        app.kubernetes.io/version: na
        helm.sh/chart: mychart-0.0.1
      name: mychart-play-backend
    spec:
      rules:
        - host: play.local
          http:
            paths:
              - backend:
                  service:
                    name: mychart-play-backend
                    port:
                      number: 8080
                path: /
                pathType: Prefix
  6: |
    apiVersion: traefik.io/v1alpha1
    kind: IngressRoute
    metadata:
      annotations:
        kubernetes.io/ingress.class: traefik
      labels:
        app.kubernetes.io/instance: mychart
        app.kubernetes.io/managed-by: Helm
        app.kubernetes.io/name: play
        app.kubernetes.io/version: na
        helm.sh/chart: mychart-0.0.1
      name: mychart-play-frontend
    spec:
      routes:
        - kind: Rule
          match: Host(`play.local`)
          services:
            - kind: Service
              name: mychart-play-frontend
              port: 8080
